29129@Railgun MINGW64 ~
$ cd /d/second_repo/

29129@Railgun MINGW64 /d/second_repo
$ git init
Initialized empty Git repository in D:/second_repo/.git/

29129@Railgun MINGW64 /d/second_repo (master)
$ git remote add origin https://github.com/Misaka1174/second_repo

29129@Railgun MINGW64 /d/second_repo (master)
$ git add task.txt

29129@Railgun MINGW64 /d/second_repo (master)
$ git commit -m "Add task file"
Author identity unknown

*** Please tell me who you are.

Run

  git config --global user.email "you@example.com"
  git config --global user.name "Your Name"

to set your account's default identity.
Omit --global to set the identity only in this repository.

fatal: unable to auto-detect email address (got '29129@Railgun.(none)')

29129@Railgun MINGW64 /d/second_repo (master)
$ git branch

29129@Railgun MINGW64 /d/second_repo (master)
$ echo "# My Project" >README.me

29129@Railgun MINGW64 /d/second_repo (master)
$ git add README.me
warning: in the working copy of 'README.me', LF will be replaced by CRLF the next time Git touches it

29129@Railgun MINGW64 /d/second_repo (master)
$ git commit -m "Initial commit"
Author identity unknown

*** Please tell me who you are.

Run

  git config --global user.email "you@example.com"
  git config --global user.name "Your Name"

to set your account's default identity.
Omit --global to set the identity only in this repository.

fatal: unable to auto-detect email address (got '29129@Railgun.(none)')

29129@Railgun MINGW64 /d/second_repo (master)
$ git branch

29129@Railgun MINGW64 /d/second_repo (master)
$ git config --global user.email "2912930057@qq.com"

29129@Railgun MINGW64 /d/second_repo (master)
$ git config --global user.name "Misaka1174"

29129@Railgun MINGW64 /d/second_repo (master)
$ git commit -m "Initial commit"
[master (root-commit) 724ca84] Initial commit
 2 files changed, 2 insertions(+)
 create mode 100644 README.me
 create mode 100644 task.txt

29129@Railgun MINGW64 /d/second_repo (master)
$ git branch
* master

29129@Railgun MINGW64 /d/second_repo (master)
$ git push -u origin master
info: please complete authentication in your browser...
Enumerating objects: 4, done.
Counting objects: 100% (4/4), done.
Delta compression using up to 20 threads
Compressing objects: 100% (2/2), done.
Writing objects: 100% (4/4), 271 bytes | 271.00 KiB/s, done.
Total 4 (delta 0), reused 0 (delta 0), pack-reused 0 (from 0)
To https://github.com/Misaka1174/second_repo
 * [new branch]      master -> master
branch 'master' set up to track 'origin/master'.

29129@Railgun MINGW64 /d/second_repo (master)
$ git add git_operations.txt
fatal: pathspec 'git_operations.txt' did not match any files

29129@Railgun MINGW64 /d/second_repo (master)
$ git add git_operations.txt

29129@Railgun MINGW64 /d/second_repo (master)
$ git commit -m "add git operations"
[master 65c4f9d] add git operations
 1 file changed, 0 insertions(+), 0 deletions(-)
 create mode 100644 git_operations.txt

29129@Railgun MINGW64 /d/second_repo (master)
$ git push
Enumerating objects: 7, done.
Counting objects: 100% (7/7), done.
Delta compression using up to 20 threads
Compressing objects: 100% (5/5), done.
Writing objects: 100% (6/6), 1.78 KiB | 1.78 MiB/s, done.
Total 6 (delta 0), reused 0 (delta 0), pack-reused 0 (from 0)
To github.com:Misaka1174/second_repo.git
   724ca84..98992c4  master -> master

